Error in atomic task acceptance: CastError: Cast to ObjectId failed for value "PUMFP2XDM6404" (type string) at path "_id" for model "Pickup"
    at SchemaObjectId.cast (E:\lawda\WasteManagementApp\WasteManagementMobile\server\node_modules\mongoose\lib\schema\objectId.js:251:11)
    at SchemaType.applySetters (E:\lawda\WasteManagementApp\WasteManagementMobile\server\node_modules\mongoose\lib\schemaType.js:1258:12)
    at SchemaType.castForQuery (E:\lawda\WasteManagementApp\WasteManagementMobile\server\node_modules\mongoose\lib\schemaType.js:1694:17)
    at cast (E:\lawda\WasteManagementApp\WasteManagementMobile\server\node_modules\mongoose\lib\cast.js:390:32)
    at cast (E:\lawda\WasteManagementApp\WasteManagementMobile\server\node_modules\mongoose\lib\cast.js:76:20)
    at Query.cast (E:\lawda\WasteManagementApp\WasteManagementMobile\server\node_modules\mongoose\lib\query.js:5060:12)
    at Query._castConditions (E:\lawda\WasteManagementApp\WasteManagementMobile\server\node_modules\mongoose\lib\query.js:2374:10)
    at model.Query._findOne (E:\lawda\WasteManagementApp\WasteManagementMobile\server\node_modules\mongoose\lib\query.js:2697:8)
    at model.Query.exec (E:\lawda\WasteManagementApp\WasteManagementMobile\server\node_modules\mongoose\lib\query.js:4627:80)
    at process.processTicksAndRejections (node:internal/process/task_queues:105:5) {
  stringValue: '"PUMFP2XDM6404"',
  messageFormat: undefined,
  kind: 'ObjectId',
  value: 'PUMFP2XDM6404',
  path: '_id',
  reason: BSONError: input must be a 24 character hex string, 12 byte Uint8Array, or an integer
      at new ObjectId (E:\lawda\WasteManagementApp\WasteManagementMobile\server\node_modules\bson\lib\bson.cjs:2538:23)
      at castObjectId (E:\lawda\WasteManagementApp\WasteManagementMobile\server\node_modules\mongoose\lib\cast\objectid.js:25:12)
      at SchemaObjectId.cast (E:\lawda\WasteManagementApp\WasteManagementMobile\server\node_modules\mongoose\lib\schema\objectId.js:249:12)
      at SchemaType.applySetters (E:\lawda\WasteManagementApp\WasteManagementMobile\server\node_modules\mongoose\lib\schemaType.js:1258:12)
      at SchemaType.castForQuery (E:\lawda\WasteManagementApp\WasteManagementMobile\server\node_modules\mongoose\lib\schemaType.js:1694:17)
      at cast (E:\lawda\WasteManagementApp\WasteManagementMobile\server\node_modules\mongoose\lib\cast.js:390:32)
      at cast (E:\lawda\WasteManagementApp\WasteManagementMobile\server\node_modules\mongoose\lib\cast.js:76:20)
      at Query.cast (E:\lawda\WasteManagementApp\WasteManagementMobile\server\node_modules\mongoose\lib\query.js:5060:12)
      at Query._castConditions (E:\lawda\WasteManagementApp\WasteManagementMobile\server\node_modules\mongoose\lib\query.js:2374:10)
      at model.Query._findOne (E:\lawda\WasteManagementApp\WasteManagementMobile\server\node_modules\mongoose\lib\query.js:2697:8),
  valueType: 'string'
}
Error in atomic task acceptance: CastError: Cast to ObjectId failed for value "PUMFP2WWZA289" (type string) at path "_id" for model "Pickup"
    at SchemaObjectId.cast (E:\lawda\WasteManagementApp\WasteManagementMobile\server\node_modules\mongoose\lib\schema\objectId.js:251:11)
    at SchemaType.applySetters (E:\lawda\WasteManagementApp\WasteManagementMobile\server\node_modules\mongoose\lib\schemaType.js:1258:12)
    at SchemaType.castForQuery (E:\lawda\WasteManagementApp\WasteManagementMobile\server\node_modules\mongoose\lib\schemaType.js:1694:17)
    at cast (E:\lawda\WasteManagementApp\WasteManagementMobile\server\node_modules\mongoose\lib\cast.js:390:32)
    at cast (E:\lawda\WasteManagementApp\WasteManagementMobile\server\node_modules\mongoose\lib\cast.js:76:20)
    at Query.cast (E:\lawda\WasteManagementApp\WasteManagementMobile\server\node_modules\mongoose\lib\query.js:5060:12)
    at Query._castConditions (E:\lawda\WasteManagementApp\WasteManagementMobile\server\node_modules\mongoose\lib\query.js:2374:10)
    at model.Query._findOne (E:\lawda\WasteManagementApp\WasteManagementMobile\server\node_modules\mongoose\lib\query.js:2697:8)
    at model.Query.exec (E:\lawda\WasteManagementApp\WasteManagementMobile\server\node_modules\mongoose\lib\query.js:4627:80)
    at process.processTicksAndRejections (node:internal/process/task_queues:105:5) {
  stringValue: '"PUMFP2WWZA289"',
  messageFormat: undefined,
  kind: 'ObjectId',
  value: 'PUMFP2WWZA289',
  path: '_id',
  reason: BSONError: input must be a 24 character hex string, 12 byte Uint8Array, or an integer
      at new ObjectId (E:\lawda\WasteManagementApp\WasteManagementMobile\server\node_modules\bson\lib\bson.cjs:2538:23)
      at castObjectId (E:\lawda\WasteManagementApp\WasteManagementMobile\server\node_modules\mongoose\lib\cast\objectid.js:25:12)
      at SchemaObjectId.cast (E:\lawda\WasteManagementApp\WasteManagementMobile\server\node_modules\mongoose\lib\schema\objectId.js:249:12)
      at SchemaType.applySetters (E:\lawda\WasteManagementApp\WasteManagementMobile\server\node_modules\mongoose\lib\schemaType.js:1258:12)
      at SchemaType.castForQuery (E:\lawda\WasteManagementApp\WasteManagementMobile\server\node_modules\mongoose\lib\schemaType.js:1694:17)
      at cast (E:\lawda\WasteManagementApp\WasteManagementMobile\server\node_modules\mongoose\lib\cast.js:390:32)
      at cast (E:\lawda\WasteManagementApp\WasteManagementMobile\server\node_modules\mongoose\lib\cast.js:76:20)
      at Query.cast (E:\lawda\WasteManagementApp\WasteManagementMobile\server\node_modules\mongoose\lib\query.js:5060:12)
      at Query._castConditions (E:\lawda\WasteManagementApp\WasteManagementMobile\server\node_modules\mongoose\lib\query.js:2374:10)
      at model.Query._findOne (E:\lawda\WasteManagementApp\WasteManagementMobile\server\node_modules\mongoose\lib\query.js:2697:8),
  valueType: 'string'
}
